[tekhub.rstheme.com/computer-vision/index.html]
[backblue.gif]
[fade.gif]
[index.html]
[tekhub.rstheme.com/computer-vision/images/fav.png]
[tekhub.rstheme.com/computer-vision/css/bootstrap.min.css]
[tekhub.rstheme.com/computer-vision/css/font-awesome.min.css]
[tekhub.rstheme.com/computer-vision/css/animate.css]
[tekhub.rstheme.com/computer-vision/css/owl.carousel.css]
[tekhub.rstheme.com/computer-vision/fonts/flaticon.css]
[tekhub.rstheme.com/computer-vision/css/rsmenu-main.css]
[tekhub.rstheme.com/computer-vision/css/magnific-popup.css]
[tekhub.rstheme.com/computer-vision/css/rsanimations.css]
[tekhub.rstheme.com/computer-vision/css/rsmenu-transitions.css]
[tekhub.rstheme.com/computer-vision/revolution/css/settings.css]
[tekhub.rstheme.com/computer-vision/revolution/css/layers.css]
[tekhub.rstheme.com/computer-vision/revolution/css/navigation.css]
[tekhub.rstheme.com/computer-vision/style.css]
[tekhub.rstheme.com/computer-vision/css/spacing.css]
[tekhub.rstheme.com/computer-vision/css/responsive.css]
[tekhub.rstheme.com/computer-vision/images/dark-logo.png]
[tekhub.rstheme.com/computer-vision/about.html]
[tekhub.rstheme.com/computer-vision/team.html]
[tekhub.rstheme.com/computer-vision/services.html]
[tekhub.rstheme.com/computer-vision/blog.html]
[tekhub.rstheme.com/computer-vision/blog-details.html]
[tekhub.rstheme.com/computer-vision/contact.html]
[tekhub.rstheme.com/computer-vision/images/banner/shape/lt-shape.png]
[tekhub.rstheme.com/computer-vision/images/banner/shape/banner.jpg]
[tekhub.rstheme.com/computer-vision/images/banner/shape/banner-logo.png]
[tekhub.rstheme.com/computer-vision/images/banner/shape/top-shadow-shape.png]
[tekhub.rstheme.com/computer-vision/images/banner/shape/round-border-shape.png]
[tekhub.rstheme.com/computer-vision/images/banner/shape/shape-circle-bg.png]
[tekhub.rstheme.com/computer-vision/images/banner/shape/shape-image.png]
[tekhub.rstheme.com/computer-vision/images/banner/shape/double-circle-shape2.png]
[tekhub.rstheme.com/computer-vision/images/banner/shape/double-circle-shape1.png]
[tekhub.rstheme.com/computer-vision/images/banner/shape/rb2-shape.png]
[tekhub.rstheme.com/computer-vision/images/banner/shape/rb1-shape.png]
[tekhub.rstheme.com/computer-vision/images/feature/1A.png]
[tekhub.rstheme.com/computer-vision/images/feature/first/1.png]
[tekhub.rstheme.com/computer-vision/images/feature/first/2.png]
[tekhub.rstheme.com/computer-vision/images/feature/first/3.png]
[tekhub.rstheme.com/computer-vision/images/double-circle-shape1.png]
[tekhub.rstheme.com/computer-vision/images/double-circle-shape2.png]
[tekhub.rstheme.com/computer-vision/images/feature/2A.png]
[tekhub.rstheme.com/computer-vision/images/feature/second/1.png]
[tekhub.rstheme.com/computer-vision/images/feature/second/2.png]
[tekhub.rstheme.com/computer-vision/images/feature/3A.png]
[tekhub.rstheme.com/computer-vision/images/services/1.png]
[tekhub.rstheme.com/computer-vision/images/services/2.png]
[tekhub.rstheme.com/computer-vision/images/services/3.png]
[tekhub.rstheme.com/computer-vision/images/services/4.png]
[tekhub.rstheme.com/computer-vision/images/partner/light/1.png]
[tekhub.rstheme.com/computer-vision/images/partner/light/2.png]
[tekhub.rstheme.com/computer-vision/images/partner/light/3.png]
[tekhub.rstheme.com/computer-vision/images/partner/light/4.png]
[tekhub.rstheme.com/computer-vision/images/partner/light/5.png]
[tekhub.rstheme.com/computer-vision/images/partner/light/6.png]
[tekhub.rstheme.com/computer-vision/images/partner/light/7.png]
[tekhub.rstheme.com/computer-vision/images/testimonial/1.png]
[tekhub.rstheme.com/computer-vision/images/testimonial/2.png]
[tekhub.rstheme.com/computer-vision/images/testimonial/3.png]
[tekhub.rstheme.com/computer-vision/images/testimonial/4.png]
[tekhub.rstheme.com/computer-vision/images/testimonial/5.png]
[tekhub.rstheme.com/computer-vision/images/testimonial/6.png]
[tekhub.rstheme.com/computer-vision/images/testimonial/7.png]
[tekhub.rstheme.com/computer-vision/images/testimonial/8.png]
[tekhub.rstheme.com/computer-vision/images/testimonial/10.png]
[tekhub.rstheme.com/computer-vision/images/blog/b1.jpg]
[tekhub.rstheme.com/computer-vision/images/blog/b2.jpg]
[tekhub.rstheme.com/computer-vision/images/blog/b3.jpg]
[tekhub.rstheme.com/computer-vision/images/blog/b4.jpg]
[tekhub.rstheme.com/computer-vision/js/jquery.min.js]
[tekhub.rstheme.com/computer-vision/revolution/js/jquery.themepunch.revolution.min.js]
[tekhub.rstheme.com/computer-vision/revolution/js/jquery.themepunch.tools.min.js]
[tekhub.rstheme.com/computer-vision/revolution/js/extensions/revolution.extension.actions.min.js]
[tekhub.rstheme.com/computer-vision/revolution/js/extensions/revolution.extension.carousel.min.js]
[tekhub.rstheme.com/computer-vision/revolution/js/extensions/revolution.extension.kenburn.min.js]
[tekhub.rstheme.com/computer-vision/revolution/js/extensions/revolution.extension.layeranimation.min.js]
[tekhub.rstheme.com/computer-vision/revolution/js/extensions/revolution.extension.migration.min.js]
[tekhub.rstheme.com/computer-vision/revolution/js/extensions/revolution.extension.navigation.min.js]
[tekhub.rstheme.com/computer-vision/revolution/js/extensions/revolution.extension.parallax.min.js]
[tekhub.rstheme.com/computer-vision/revolution/js/extensions/revolution.extension.slideanims.min.js]
[tekhub.rstheme.com/computer-vision/revolution/js/extensions/revolution.extension.video.min.js]
[tekhub.rstheme.com/computer-vision/js/modernizr-2.8.3.min.js]
[tekhub.rstheme.com/computer-vision/js/jquery.counterup.min.js]
[tekhub.rstheme.com/computer-vision/js/waypoints.min.js]
[tekhub.rstheme.com/computer-vision/js/bootstrap.min.js]
[tekhub.rstheme.com/computer-vision/js/owl.carousel.min.js]
[tekhub.rstheme.com/computer-vision/js/jquery.magnific-popup.min.js]
[tekhub.rstheme.com/computer-vision/js/wow.min.js]
[tekhub.rstheme.com/computer-vision/js/animate-testimonial.js]
[tekhub.rstheme.com/computer-vision/js/rsmenu-main.js]
[tekhub.rstheme.com/computer-vision/js/plugins.js]
[tekhub.rstheme.com/computer-vision/js/contact.form.js]
[tekhub.rstheme.com/computer-vision/js/main.js]
[tekhub.rstheme.com/computer-vision/index.html]
[tekhub.rstheme.com/computer-vision/css/bootstrap.min.css]
[tekhub.rstheme.com/computer-vision/fonts/fontawesome-webfont3e6e.eot]
[tekhub.rstheme.com/computer-vision/fonts/fontawesome-webfontd41d.eot]
[tekhub.rstheme.com/computer-vision/fonts/fontawesome-webfont3e6e.woff]
[tekhub.rstheme.com/computer-vision/fonts/fontawesome-webfont3e6e.ttf]
[tekhub.rstheme.com/computer-vision/css/font-awesome.min.css]
[tekhub.rstheme.com/computer-vision/css/animate.css]
[tekhub.rstheme.com/computer-vision/css/owl.carousel.css]
[tekhub.rstheme.com/computer-vision/fonts/fontawesome-webfont3e6e.svg]
[tekhub.rstheme.com/computer-vision/fonts/Flaticon.eot]
[tekhub.rstheme.com/computer-vision/fonts/Flaticond41d.eot]
[tekhub.rstheme.com/computer-vision/fonts/Flaticon.woff]
[tekhub.rstheme.com/computer-vision/fonts/Flaticon.ttf]
[tekhub.rstheme.com/computer-vision/fonts/flaticon.css]
[tekhub.rstheme.com/computer-vision/css/rsmenu-main.css]
[tekhub.rstheme.com/computer-vision/css/magnific-popup.css]
[tekhub.rstheme.com/computer-vision/css/rsanimations.css]
[tekhub.rstheme.com/computer-vision/css/rsmenu-transitions.css]
[tekhub.rstheme.com/computer-vision/revolution/fonts/revicons/revicons90c6.eot]
[tekhub.rstheme.com/computer-vision/revolution/fonts/revicons/revicons90c6.woff]
[tekhub.rstheme.com/computer-vision/revolution/fonts/revicons/revicons90c6.ttf]
[tekhub.rstheme.com/computer-vision/revolution/fonts/revicons/revicons90c6.svg]
[tekhub.rstheme.com/computer-vision/revolution/assets/gridtile.png]
[tekhub.rstheme.com/computer-vision/fonts/Flaticon.svg]
[tekhub.rstheme.com/computer-vision/revolution/assets/gridtile_white.png]
[tekhub.rstheme.com/computer-vision/revolution/assets/gridtile_3x3.png]
[tekhub.rstheme.com/computer-vision/revolution/assets/gridtile_3x3_white.png]
[tekhub.rstheme.com/computer-vision/revolution/assets/coloredbg.png]
[tekhub.rstheme.com/computer-vision/revolution/assets/loader.gif]
[tekhub.rstheme.com/computer-vision/revolution/css/settings.css]
[tekhub.rstheme.com/computer-vision/revolution/css/layers.css]
[tekhub.rstheme.com/computer-vision/revolution/css/navigation.css]
[tekhub.rstheme.com/computer-vision/images/title-arrow.png]
[tekhub.rstheme.com/computer-vision/images/title-arrow-wh.png]
[tekhub.rstheme.com/computer-vision/images/breadcrumbs/blog-details.jpg]
[tekhub.rstheme.com/computer-vision/images/services/icon-bg.png]
[tekhub.rstheme.com/computer-vision/images/services/services-scanner-bg.png]
[tekhub.rstheme.com/computer-vision/images/contacts.jpg]
[tekhub.rstheme.com/computer-vision/images/bg/footer-bg.jpg]
[tekhub.rstheme.com/computer-vision/images/testimonial/testmonial-text-bg.png]
[tekhub.rstheme.com/computer-vision/style.css]
[tekhub.rstheme.com/computer-vision/css/spacing.css]
[tekhub.rstheme.com/computer-vision/css/responsive.css]
[tekhub.rstheme.com/computer-vision/images/breadcrumbs/bg1.jpg]
[tekhub.rstheme.com/computer-vision/images/team/8.jpg]
[tekhub.rstheme.com/computer-vision/images/team/5.jpg]
[tekhub.rstheme.com/computer-vision/images/team/6.jpg]
[tekhub.rstheme.com/computer-vision/images/team/7.jpg]
[tekhub.rstheme.com/computer-vision/about.html]
[tekhub.rstheme.com/computer-vision/images/team/1.jpg]
[tekhub.rstheme.com/computer-vision/images/team/2.jpg]
[tekhub.rstheme.com/computer-vision/images/team/3.jpg]
[tekhub.rstheme.com/computer-vision/images/team/4.jpg]
[tekhub.rstheme.com/computer-vision/team.html]
[tekhub.rstheme.com/computer-vision/images/services/icon/7.png]
[tekhub.rstheme.com/computer-vision/images/services/icon/8.png]
[tekhub.rstheme.com/computer-vision/images/services/icon/9.png]
[tekhub.rstheme.com/computer-vision/images/services/icon/10.png]
[tekhub.rstheme.com/computer-vision/images/services/icon/11.png]
[tekhub.rstheme.com/computer-vision/images/services/icon/12.png]
[tekhub.rstheme.com/computer-vision/images/services/icon/13.png]
[tekhub.rstheme.com/computer-vision/images/services/icon/14.png]
[tekhub.rstheme.com/computer-vision/images/services/icon/15.png]
[tekhub.rstheme.com/computer-vision/services.html]
[tekhub.rstheme.com/computer-vision/images/blog-inner/1.jpg]
[tekhub.rstheme.com/computer-vision/images/blog-inner/author.jpg]
[tekhub.rstheme.com/computer-vision/images/blog-inner/2.jpg]
[tekhub.rstheme.com/computer-vision/images/blog-inner/3.jpg]
[tekhub.rstheme.com/computer-vision/images/blog-inner/4.jpg]
[tekhub.rstheme.com/computer-vision/images/blog-inner/5.jpg]
[tekhub.rstheme.com/computer-vision/images/blog-inner/6.jpg]
[tekhub.rstheme.com/computer-vision/blog.html]
[tekhub.rstheme.com/computer-vision/images/logo-white.png]
[tekhub.rstheme.com/computer-vision/images/blog-inner/avatar.png]
[tekhub.rstheme.com/computer-vision/images/blog-inner/author-avatar.png]
[tekhub.rstheme.com/computer-vision/images/blog/recent-post/1.jpg]
[tekhub.rstheme.com/computer-vision/images/blog/recent-post/2.jpg]
[tekhub.rstheme.com/computer-vision/images/blog/recent-post/3.jpg]
[tekhub.rstheme.com/computer-vision/images/blog/recent-post/4.jpg]
[tekhub.rstheme.com/computer-vision/blog-details.html]
[tekhub.rstheme.com/computer-vision/contact.html]
[tekhub.rstheme.com/computer-vision/fonts/fontawesome-webfont3e6e.html]
[tekhub.rstheme.com/computer-vision/fonts/fontawesome-webfont3e6e.svg]
[tekhub.rstheme.com/computer-vision/fonts/Flaticon.html]
[tekhub.rstheme.com/computer-vision/fonts/Flaticon.svg]
[tekhub.rstheme.com/computer-vision/revolution/fonts/revicons/revicons90c6.svg]
[tekhub.rstheme.com/computer-vision/revolution/css/openhand.html]
[tekhub.rstheme.com/computer-vision/revolution/css/closedhand.html]
[tekhub.rstheme.com/computer-vision/images/testimonial/9.png]
[tekhub.rstheme.com/computer-vision/apple-touch-icon.html]
[tekhub.rstheme.com/computer-vision/css/owl.video.play.html]
[tekhub.rstheme.com/computer-vision/images/bg/bg5.html]
